
      SPATIALLY AVERAGED PLASMA TRANSPORT SIMULATOR
         RELEASE 8.8.1, Feb  5 2026
         COPYRIGHT (c) 2024, KWT Solution Inc.

      THE BASIC FEATURES OF THE SIMULATOR:
         1) SPATIALLY AVERAGED TRNSPORT MODULE
         2) NON-LOCAL ELECTRON HEATING MODULE
         3) RF SHEATH MODULE

      ----------------------------------------------------------------
      [SIMULATION OPTIONS]
         Source        = TCP
         Heating       = ON
         SPulsing      = OFF
         Bias          = ON
         dtout         = 1.00e-09 (s)

      [CHAMBER GEOMETRY]
         Lp   = 1.3000e+01 (cm)
         Rp   = 1.8000e+01 (cm)
         Ls   = 1.0000e+01 (cm)
         Rsub = 1.0000e+01 (cm)

      [SOURCE POWER CONDITIONS]
         PowerH     = 1.0000e+02 (W)
         PowerL     = 0.0000e+00 (W)
         Frequency  = 1.3560e+07 (Hz)

      [BIAS POWER CONDITIONS]
         Power1h      = 6.0000e+02 (W)
         Frequency_1  = 2.0000e+06 (Hz)

      [PREASURE & INLET CONDITIONS]
         Pressure      = 2.0000e+00 (mTorr)
         Inlet species = Ar 
         Q             = 2.000e+01 (sccm)

      [CONSIDERED SPECIES]
         Species       Mass (g)
         ------------------------------
             Ar*     6.633365e-23
             Ar      6.633365e-23
             Ar+     6.633365e-23
             E       9.049725e-28
         ------------------------------

      ================================================================
                                 OUTPUT LIST                          
      ================================================================
      Weighting parameter (gamma) is updated as 1.0000e+00.
      Computing time = 8.526806e+01 (s)

      [TEMPERATURE PARAMETERS]
         Gas Temp.      = 2.585315e-02 (eV)
         Electron Temp. = 3.166977e+00 (eV)
         Ion Temp.      = 2.629266e-01 (eV)

      [HEATING PARAMETERS]
         Absorbed power    = 8.598479e+01 (W)
         alpha             = 8.598479e-01 (a.u.)
         Plasma resistance = 3.602980e-01 (ohm)
         Plasma reactance  = 7.139614e+00 (ohm)

      [BIAS PARAMETERS]
         dc-offset    = -5.043972e+02 (V)
         peak-to-peak = 1.854972e+03 (V)

      [SHEATH PARAMETERS]
         J0h_h        = 2.144096e+07 (statampere/cm^2)

      [NUMBER DENSITY]
         Species       (#/cm^3)
         ------------------------------
             Ar*     1.036295e+11
             Ar      5.729605e+13
             Ar+     4.421264e+10
             E       4.421264e+10

      [ION FLUX AT THE SHEATH EDGE]
         Species       (#/cm^2sec)
         ------------------------------
             Ar+     7.416731e+15

      [RADICAL FLUX AT THE SHEATH EDGE]
         Species       (#/cm^2sec)
         ------------------------------
             Ar*     1.376877e+15
             Ar      6.161113e+17

      [AVERAGE ION ENERGY AT THE SUBSTRATE]
         Species       (eV)
         ------------------------------
             Ar+     4.271546e+02


