
      SPATIALLY AVERAGED PLASMA TRANSPORT SIMULATOR
         RELEASE 8.8.1, Feb  5 2026
         COPYRIGHT (c) 2024, KWT Solution Inc.

      THE BASIC FEATURES OF THE SIMULATOR:
         1) SPATIALLY AVERAGED TRNSPORT MODULE
         2) NON-LOCAL ELECTRON HEATING MODULE
         3) RF SHEATH MODULE

      ----------------------------------------------------------------
      [SIMULATION OPTIONS]
         Source        = TCP
         Heating       = ON
         SPulsing      = OFF
         Bias          = OFF
         dtout         = 1.00e-09 (s)

      [CHAMBER GEOMETRY]
         Lp   = 1.3000e+01 (cm)
         Rp   = 1.8000e+01 (cm)
         Ls   = 1.0000e+01 (cm)
         Rsub = 1.0000e+01 (cm)

      [SOURCE POWER CONDITIONS]
         PowerH     = 3.0000e+02 (W)
         PowerL     = 0.0000e+00 (W)
         Frequency  = 1.3560e+07 (Hz)

      [PREASURE & INLET CONDITIONS]
         Pressure      = 2.0000e+00 (mTorr)
         Inlet species = Ar 
         Q             = 2.000e+01 (sccm)

      [CONSIDERED SPECIES]
         Species       Mass (g)
         ------------------------------
             Ar*     6.633365e-23
             Ar      6.633365e-23
             Ar+     6.633365e-23
             E       9.049725e-28
         ------------------------------

      ================================================================
                                 OUTPUT LIST                          
      ================================================================
      Weighting parameter (gamma) is updated as 1.0000e+00.
      Computing time = 4.963997e+01 (s)

      [TEMPERATURE PARAMETERS]
         Gas Temp.      = 2.585315e-02 (eV)
         Electron Temp. = 3.252269e+00 (eV)
         Ion Temp.      = 2.629266e-01 (eV)

      [HEATING PARAMETERS]
         Absorbed power    = 2.744932e+02 (W)
         alpha             = 9.149774e-01 (a.u.)
         Plasma resistance = 6.319977e-01 (ohm)
         Plasma reactance  = 6.467021e+00 (ohm)

      [SHEATH PARAMETERS]
         J0h_h        = 0.000000e+00 (statampere/cm^2)

      [NUMBER DENSITY]
         Species       (#/cm^3)
         ------------------------------
             Ar*     1.420085e+11
             Ar      4.756819e+13
             Ar+     1.352583e+11
             E       1.352583e+11

      [ION FLUX AT THE SHEATH EDGE]
         Species       (#/cm^2sec)
         ------------------------------
             Ar+     2.299330e+16

      [RADICAL FLUX AT THE SHEATH EDGE]
         Species       (#/cm^2sec)
         ------------------------------
             Ar*     1.886502e+15
             Ar      5.286517e+17


      [AVERAGE ION ENERGY AT THE SUBSTRATE]
         Species       (eV)
         ------------------------------
             Ar+     1.846940e+01

