
      SPATIALLY AVERAGED PLASMA TRANSPORT SIMULATOR
         RELEASE 8.8.1, Feb  5 2026
         COPYRIGHT (c) 2024, KWT Solution Inc.

      THE BASIC FEATURES OF THE SIMULATOR:
         1) SPATIALLY AVERAGED TRNSPORT MODULE
         2) NON-LOCAL ELECTRON HEATING MODULE
         3) RF SHEATH MODULE

      ----------------------------------------------------------------
      [SIMULATION OPTIONS]
         Source        = TCP
         Heating       = ON
         SPulsing      = OFF
         Bias          = ON
         dtout         = 1.00e-09 (s)

      [CHAMBER GEOMETRY]
         Lp   = 1.3000e+01 (cm)
         Rp   = 1.8000e+01 (cm)
         Ls   = 1.0000e+01 (cm)
         Rsub = 1.0000e+01 (cm)

      [SOURCE POWER CONDITIONS]
         PowerH     = 5.0000e+02 (W)
         PowerL     = 0.0000e+00 (W)
         Frequency  = 1.3560e+07 (Hz)

      [BIAS POWER CONDITIONS]
         Power1h      = 2.0000e+02 (W)
         Frequency_1  = 2.0000e+06 (Hz)

      [PREASURE & INLET CONDITIONS]
         Pressure      = 4.0000e+00 (mTorr)
         Inlet species = Ar 
         Q             = 2.000e+01 (sccm)

      [CONSIDERED SPECIES]
         Species       Mass (g)
         ------------------------------
             Ar*     6.633365e-23
             Ar      6.633365e-23
             Ar+     6.633365e-23
             E       9.049725e-28
         ------------------------------

      ================================================================
                                 OUTPUT LIST                          
      ================================================================
      Weighting parameter (gamma) is updated as 1.0000e+00.
      Computing time = 2.925057e+01 (s)

      [TEMPERATURE PARAMETERS]
         Gas Temp.      = 2.585315e-02 (eV)
         Electron Temp. = 2.758335e+00 (eV)
         Ion Temp.      = 1.443899e-01 (eV)

      [HEATING PARAMETERS]
         Absorbed power    = 4.689684e+02 (W)
         alpha             = 9.379369e-01 (a.u.)
         Plasma resistance = 8.875230e-01 (ohm)
         Plasma reactance  = 5.642189e+00 (ohm)

      [BIAS PARAMETERS]
         dc-offset    = -6.444988e+01 (V)
         peak-to-peak = 2.461835e+02 (V)

      [SHEATH PARAMETERS]
         J0h_h        = 5.159293e+07 (statampere/cm^2)

      [NUMBER DENSITY]
         Species       (#/cm^3)
         ------------------------------
             Ar*     1.812586e+11
             Ar      8.614596e+13
             Ar+     3.337286e+11
             E       3.337286e+11

      [ION FLUX AT THE SHEATH EDGE]
         Species       (#/cm^2sec)
         ------------------------------
             Ar+     5.224693e+16

      [RADICAL FLUX AT THE SHEATH EDGE]
         Species       (#/cm^2sec)
         ------------------------------
             Ar*     2.407527e+15
             Ar      8.450575e+17

      [AVERAGE ION ENERGY AT THE SUBSTRATE]
         Species       (eV)
         ------------------------------
             Ar+     6.456576e+01


