
      SPATIALLY AVERAGED PLASMA TRANSPORT SIMULATOR
         RELEASE 8.8.1, Feb  5 2026
         COPYRIGHT (c) 2024, KWT Solution Inc.

      THE BASIC FEATURES OF THE SIMULATOR:
         1) SPATIALLY AVERAGED TRNSPORT MODULE
         2) NON-LOCAL ELECTRON HEATING MODULE
         3) RF SHEATH MODULE

      ----------------------------------------------------------------
      [SIMULATION OPTIONS]
         Source        = TCP
         Heating       = ON
         SPulsing      = OFF
         Bias          = OFF
         dtout         = 1.00e-09 (s)

      [CHAMBER GEOMETRY]
         Lp   = 1.3000e+01 (cm)
         Rp   = 1.8000e+01 (cm)
         Ls   = 1.0000e+01 (cm)
         Rsub = 1.0000e+01 (cm)

      [SOURCE POWER CONDITIONS]
         PowerH     = 4.0000e+02 (W)
         PowerL     = 0.0000e+00 (W)
         Frequency  = 1.3560e+07 (Hz)

      [PREASURE & INLET CONDITIONS]
         Pressure      = 6.0000e+00 (mTorr)
         Inlet species = Ar 
         Q             = 2.000e+01 (sccm)

      [CONSIDERED SPECIES]
         Species       Mass (g)
         ------------------------------
             Ar*     6.633365e-23
             Ar      6.633365e-23
             Ar+     6.633365e-23
             E       9.049725e-28
         ------------------------------

      ================================================================
                                 OUTPUT LIST                          
      ================================================================
      Weighting parameter (gamma) is updated as 1.0000e+00.
      Computing time = 6.895350e+01 (s)

      [TEMPERATURE PARAMETERS]
         Gas Temp.      = 2.585315e-02 (eV)
         Electron Temp. = 2.466740e+00 (eV)
         Ion Temp.      = 1.048776e-01 (eV)

      [HEATING PARAMETERS]
         Absorbed power    = 3.699588e+02 (W)
         alpha             = 9.248969e-01 (a.u.)
         Plasma resistance = 7.232278e-01 (ohm)
         Plasma reactance  = 5.771095e+00 (ohm)

      [SHEATH PARAMETERS]
         J0h_h        = 0.000000e+00 (statampere/cm^2)

      [NUMBER DENSITY]
         Species       (#/cm^3)
         ------------------------------
             Ar*     1.947900e+11
             Ar      1.372730e+14
             Ar+     3.487465e+11
             E       3.487465e+11

      [ION FLUX AT THE SHEATH EDGE]
         Species       (#/cm^2sec)
         ------------------------------
             Ar+     5.163161e+16

      [RADICAL FLUX AT THE SHEATH EDGE]
         Species       (#/cm^2sec)
         ------------------------------
             Ar*     2.587111e+15
             Ar      1.165380e+18


      [AVERAGE ION ENERGY AT THE SUBSTRATE]
         Species       (eV)
         ------------------------------
             Ar+     1.400843e+01

