
      SPATIALLY AVERAGED PLASMA TRANSPORT SIMULATOR
         RELEASE 8.8.1, Feb  5 2026
         COPYRIGHT (c) 2024, KWT Solution Inc.

      THE BASIC FEATURES OF THE SIMULATOR:
         1) SPATIALLY AVERAGED TRNSPORT MODULE
         2) NON-LOCAL ELECTRON HEATING MODULE
         3) RF SHEATH MODULE

      ----------------------------------------------------------------
      [SIMULATION OPTIONS]
         Source        = TCP
         Heating       = ON
         SPulsing      = OFF
         Bias          = ON
         dtout         = 1.00e-09 (s)

      [CHAMBER GEOMETRY]
         Lp   = 1.3000e+01 (cm)
         Rp   = 1.8000e+01 (cm)
         Ls   = 1.0000e+01 (cm)
         Rsub = 1.0000e+01 (cm)

      [SOURCE POWER CONDITIONS]
         PowerH     = 2.0000e+02 (W)
         PowerL     = 0.0000e+00 (W)
         Frequency  = 1.3560e+07 (Hz)

      [BIAS POWER CONDITIONS]
         Power1h      = 6.0000e+02 (W)
         Frequency_1  = 2.0000e+06 (Hz)

      [PREASURE & INLET CONDITIONS]
         Pressure      = 8.0000e+00 (mTorr)
         Inlet species = Ar 
         Q             = 2.000e+01 (sccm)

      [CONSIDERED SPECIES]
         Species       Mass (g)
         ------------------------------
             Ar*     6.633365e-23
             Ar      6.633365e-23
             Ar+     6.633365e-23
             E       9.049725e-28
         ------------------------------

      ================================================================
                                 OUTPUT LIST                          
      ================================================================
      Weighting parameter (gamma) is updated as 1.0000e+00.
      Computing time = 3.253132e+00 (s)

      [TEMPERATURE PARAMETERS]
         Gas Temp.      = 2.585315e-02 (eV)
         Electron Temp. = 2.240715e+00 (eV)
         Ion Temp.      = 8.512151e-02 (eV)

      [HEATING PARAMETERS]
         Absorbed power    = 1.880682e+02 (W)
         alpha             = 9.403411e-01 (a.u.)
         Plasma resistance = 9.256560e-01 (ohm)
         Plasma reactance  = 6.044543e+00 (ohm)

      [BIAS PARAMETERS]
         dc-offset    = -2.219235e+02 (V)
         peak-to-peak = 9.202079e+02 (V)

      [SHEATH PARAMETERS]
         J0h_h        = 4.757133e+07 (statampere/cm^2)

      [NUMBER DENSITY]
         Species       (#/cm^3)
         ------------------------------
             Ar*     1.896955e+11
             Ar      2.174161e+14
             Ar+     2.274327e+11
             E       2.274327e+11

      [ION FLUX AT THE SHEATH EDGE]
         Species       (#/cm^2sec)
         ------------------------------
             Ar+     3.209153e+16

      [RADICAL FLUX AT THE SHEATH EDGE]
         Species       (#/cm^2sec)
         ------------------------------
             Ar*     2.519502e+15
             Ar      1.524227e+18

      [AVERAGE ION ENERGY AT THE SUBSTRATE]
         Species       (eV)
         ------------------------------
             Ar+     2.097612e+02


